kotlin version: 2.2.10
error message: java.lang.RuntimeException: Exception while generating code for:
FUN name:rememberNavigationState visibility:public modality:FINAL returnType:com.example.core.navigation.NavigationState
  VALUE_PARAMETER kind:Regular name:startKey index:0 type:androidx.navigation3.runtime.NavKey
  VALUE_PARAMETER kind:Regular name:topLevelKeys index:1 type:kotlin.collections.Set<androidx.navigation3.runtime.NavKey>
  annotations:
    Composable
  BLOCK_BODY
    VAR name:topLevelStack type:androidx.navigation3.runtime.NavBackStack<androidx.navigation3.runtime.NavKey> [val]
      CALL 'public final fun rememberNavBackStack (vararg elements: androidx.navigation3.runtime.NavKey): androidx.navigation3.runtime.NavBackStack<androidx.navigation3.runtime.NavKey> declared in androidx.navigation3.runtime.RememberNavBackStackKt' type=androidx.navigation3.runtime.NavBackStack<androidx.navigation3.runtime.NavKey> origin=null
        ARG elements: BLOCK type=kotlin.Array<out androidx.navigation3.runtime.NavKey> origin=null
          VAR IR_TEMPORARY_VARIABLE name:tmp0 type:kotlin.Array<out androidx.navigation3.runtime.NavKey> [val]
            CALL 'public final fun arrayOfNulls <T> (size: kotlin.Int): kotlin.Array<T of kotlin.arrayOfNulls?> declared in kotlin' type=kotlin.Array<out androidx.navigation3.runtime.NavKey> origin=null
              TYPE_ARG T: androidx.navigation3.runtime.NavKey
              ARG size: CONST Int type=kotlin.Int value=1
          CALL 'public final fun set (index: kotlin.Int, value: T of kotlin.Array): kotlin.Unit [operator] declared in kotlin.Array' type=kotlin.Unit origin=null
            ARG <this>: GET_VAR 'val tmp0: kotlin.Array<out androidx.navigation3.runtime.NavKey> [val] declared in com.example.core.navigation.NavigationStateKt.rememberNavigationState' type=kotlin.Array<out androidx.navigation3.runtime.NavKey> origin=null
            ARG index: CONST Int type=kotlin.Int value=0
            ARG value: GET_VAR 'startKey: androidx.navigation3.runtime.NavKey declared in com.example.core.navigation.NavigationStateKt.rememberNavigationState' type=androidx.navigation3.runtime.NavKey origin=null
          GET_VAR 'val tmp0: kotlin.Array<out androidx.navigation3.runtime.NavKey> [val] declared in com.example.core.navigation.NavigationStateKt.rememberNavigationState' type=kotlin.Array<out androidx.navigation3.runtime.NavKey> origin=null
    VAR name:subStacks type:kotlin.collections.Map<androidx.navigation3.runtime.NavKey, androidx.navigation3.runtime.NavBackStack<androidx.navigation3.runtime.NavKey>> [val]
      CALL 'public final fun associateWith <K, V> (<this>: kotlin.collections.Iterable<K of kotlin.collections.CollectionsKt.associateWith>, valueSelector: kotlin.Function1<K of kotlin.collections.CollectionsKt.associateWith, V of kotlin.collections.CollectionsKt.associateWith>): kotlin.collections.Map<K of kotlin.collections.CollectionsKt.associateWith, V of kotlin.collections.CollectionsKt.associateWith> [inline] declared in kotlin.collections.CollectionsKt' type=kotlin.collections.Map<androidx.navigation3.runtime.NavKey, androidx.navigation3.runtime.NavBackStack<androidx.navigation3.runtime.NavKey>> origin=null
        TYPE_ARG K: androidx.navigation3.runtime.NavKey
        TYPE_ARG V: androidx.navigation3.runtime.NavBackStack<androidx.navigation3.runtime.NavKey>
        ARG <this>: GET_VAR 'topLevelKeys: kotlin.collections.Set<androidx.navigation3.runtime.NavKey> declared in com.example.core.navigation.NavigationStateKt.rememberNavigationState' type=kotlin.collections.Set<androidx.navigation3.runtime.NavKey> origin=null
        ARG valueSelector: BLOCK type=kotlin.Function1<androidx.navigation3.runtime.NavKey, androidx.navigation3.runtime.NavBackStack<androidx.navigation3.runtime.NavKey>> origin=LAMBDA
          COMPOSITE type=kotlin.Unit origin=null
          FUNCTION_REFERENCE 'private final fun rememberNavigationState$lambda$0 (key: androidx.navigation3.runtime.NavKey): androidx.navigation3.runtime.NavBackStack<androidx.navigation3.runtime.NavKey> declared in com.example.core.navigation.NavigationStateKt' type=kotlin.Function1<androidx.navigation3.runtime.NavKey, androidx.navigation3.runtime.NavBackStack<androidx.navigation3.runtime.NavKey>> origin=INLINE_LAMBDA reflectionTarget=null
    RETURN type=kotlin.Nothing from='public final fun rememberNavigationState (startKey: androidx.navigation3.runtime.NavKey, topLevelKeys: kotlin.collections.Set<androidx.navigation3.runtime.NavKey>): com.example.core.navigation.NavigationState declared in com.example.core.navigation.NavigationStateKt'
      CALL 'public final fun remember <T> (key1: kotlin.Any?, key2: kotlin.Any?, calculation: @[DisallowComposableCalls] kotlin.Function0<T of androidx.compose.runtime.ComposablesKt.remember>): T of androidx.compose.runtime.ComposablesKt.remember [inline] declared in androidx.compose.runtime.ComposablesKt' type=com.example.core.navigation.NavigationState origin=null
        TYPE_ARG T: com.example.core.navigation.NavigationState
        ARG key1: GET_VAR 'startKey: androidx.navigation3.runtime.NavKey declared in com.example.core.navigation.NavigationStateKt.rememberNavigationState' type=androidx.navigation3.runtime.NavKey origin=null
        ARG key2: GET_VAR 'topLevelKeys: kotlin.collections.Set<androidx.navigation3.runtime.NavKey> declared in com.example.core.navigation.NavigationStateKt.rememberNavigationState' type=kotlin.collections.Set<androidx.navigation3.runtime.NavKey> origin=null
        ARG calculation: BLOCK type=kotlin.Function0<com.example.core.navigation.NavigationState> origin=LAMBDA
          COMPOSITE type=kotlin.Unit origin=null
          FUNCTION_REFERENCE 'private final fun rememberNavigationState$lambda$1 ($startKey: androidx.navigation3.runtime.NavKey, $topLevelStack: androidx.navigation3.runtime.NavBackStack<androidx.navigation3.runtime.NavKey>, $subStacks: kotlin.collections.Map<androidx.navigation3.runtime.NavKey, androidx.navigation3.runtime.NavBackStack<androidx.navigation3.runtime.NavKey>>): com.example.core.navigation.NavigationState declared in com.example.core.navigation.NavigationStateKt' type=kotlin.Function0<com.example.core.navigation.NavigationState> origin=INLINE_LAMBDA reflectionTarget=null
            ARG $startKey: GET_VAR 'startKey: androidx.navigation3.runtime.NavKey declared in com.example.core.navigation.NavigationStateKt.rememberNavigationState' type=androidx.navigation3.runtime.NavKey origin=null
            ARG $topLevelStack: GET_VAR 'val topLevelStack: androidx.navigation3.runtime.NavBackStack<androidx.navigation3.runtime.NavKey> [val] declared in com.example.core.navigation.NavigationStateKt.rememberNavigationState' type=androidx.navigation3.runtime.NavBackStack<androidx.navigation3.runtime.NavKey> origin=null
            ARG $subStacks: GET_VAR 'val subStacks: kotlin.collections.Map<androidx.navigation3.runtime.NavKey, androidx.navigation3.runtime.NavBackStack<androidx.navigation3.runtime.NavKey>> [val] declared in com.example.core.navigation.NavigationStateKt.rememberNavigationState' type=kotlin.collections.Map<androidx.navigation3.runtime.NavKey, androidx.navigation3.runtime.NavBackStack<androidx.navigation3.runtime.NavKey>> origin=null

	at org.jetbrains.kotlin.backend.jvm.codegen.FunctionCodegen.generate(FunctionCodegen.kt:50)
	at org.jetbrains.kotlin.backend.jvm.codegen.FunctionCodegen.generate$default(FunctionCodegen.kt:43)
	at org.jetbrains.kotlin.backend.jvm.codegen.ClassCodegen.generateMethodNode(ClassCodegen.kt:422)
	at org.jetbrains.kotlin.backend.jvm.codegen.ClassCodegen.generateMethod(ClassCodegen.kt:439)
	at org.jetbrains.kotlin.backend.jvm.codegen.ClassCodegen.generate(ClassCodegen.kt:164)
	at org.jetbrains.kotlin.backend.jvm.JvmIrCodegenFactory.generateFile(JvmIrCodegenFactory.kt:419)
	at org.jetbrains.kotlin.backend.jvm.JvmIrCodegenFactory.invokeCodegen(JvmIrCodegenFactory.kt:388)
	at org.jetbrains.kotlin.cli.jvm.compiler.KotlinToJVMBytecodeCompiler.runCodegen$cli(KotlinToJVMBytecodeCompiler.kt:431)
	at org.jetbrains.kotlin.cli.pipeline.jvm.JvmBackendPipelinePhase.executePhase(JvmBackendPipelinePhase.kt:95)
	at org.jetbrains.kotlin.cli.pipeline.jvm.JvmBackendPipelinePhase.executePhase(JvmBackendPipelinePhase.kt:36)
	at org.jetbrains.kotlin.cli.pipeline.jvm.JvmBackendPipelinePhase.executePhase(JvmBackendPipelinePhase.kt:29)
	at org.jetbrains.kotlin.cli.pipeline.PipelinePhase.phaseBody(PipelinePhase.kt:68)
	at org.jetbrains.kotlin.cli.pipeline.PipelinePhase.phaseBody(PipelinePhase.kt:58)
	at org.jetbrains.kotlin.config.phaser.NamedCompilerPhase.invoke(CompilerPhase.kt:102)
	at org.jetbrains.kotlin.backend.common.phaser.CompositePhase.invoke(PhaseBuilders.kt:22)
	at org.jetbrains.kotlin.config.phaser.CompilerPhaseKt.invokeToplevel(CompilerPhase.kt:53)
	at org.jetbrains.kotlin.cli.pipeline.AbstractCliPipeline.runPhasedPipeline(AbstractCliPipeline.kt:109)
	at org.jetbrains.kotlin.cli.pipeline.AbstractCliPipeline.execute(AbstractCliPipeline.kt:68)
	at org.jetbrains.kotlin.cli.jvm.K2JVMCompiler.doExecutePhased(K2JVMCompiler.kt:78)
	at org.jetbrains.kotlin.cli.jvm.K2JVMCompiler.doExecutePhased(K2JVMCompiler.kt:44)
	at org.jetbrains.kotlin.cli.common.CLICompiler.execImpl(CLICompiler.kt:90)
	at org.jetbrains.kotlin.cli.common.CLICompiler.exec(CLICompiler.kt:352)
	at org.jetbrains.kotlin.incremental.IncrementalJvmCompilerRunnerBase.runCompiler(IncrementalJvmCompilerRunnerBase.kt:175)
	at org.jetbrains.kotlin.incremental.IncrementalJvmCompilerRunnerBase.runCompiler(IncrementalJvmCompilerRunnerBase.kt:38)
	at org.jetbrains.kotlin.incremental.IncrementalCompilerRunner.doCompile(IncrementalCompilerRunner.kt:504)
	at org.jetbrains.kotlin.incremental.IncrementalCompilerRunner.compileImpl(IncrementalCompilerRunner.kt:421)
	at org.jetbrains.kotlin.incremental.IncrementalCompilerRunner.compileNonIncrementally(IncrementalCompilerRunner.kt:306)
	at org.jetbrains.kotlin.incremental.IncrementalCompilerRunner.compile(IncrementalCompilerRunner.kt:133)
	at org.jetbrains.kotlin.daemon.CompileServiceImplBase.execIncrementalCompiler(CompileServiceImpl.kt:679)
	at org.jetbrains.kotlin.daemon.CompileServiceImplBase.access$execIncrementalCompiler(CompileServiceImpl.kt:93)
	at org.jetbrains.kotlin.daemon.CompileServiceImpl.compile(CompileServiceImpl.kt:1806)
	at java.base/jdk.internal.reflect.DirectMethodHandleAccessor.invoke(Unknown Source)
	at java.base/java.lang.reflect.Method.invoke(Unknown Source)
	at java.rmi/sun.rmi.server.UnicastServerRef.dispatch(Unknown Source)
	at java.rmi/sun.rmi.transport.Transport$1.run(Unknown Source)
	at java.rmi/sun.rmi.transport.Transport$1.run(Unknown Source)
	at java.base/java.security.AccessController.doPrivileged(Unknown Source)
	at java.rmi/sun.rmi.transport.Transport.serviceCall(Unknown Source)
	at java.rmi/sun.rmi.transport.tcp.TCPTransport.handleMessages(Unknown Source)
	at java.rmi/sun.rmi.transport.tcp.TCPTransport$ConnectionHandler.run0(Unknown Source)
	at java.rmi/sun.rmi.transport.tcp.TCPTransport$ConnectionHandler.lambda$run$0(Unknown Source)
	at java.base/java.security.AccessController.doPrivileged(Unknown Source)
	at java.rmi/sun.rmi.transport.tcp.TCPTransport$ConnectionHandler.run(Unknown Source)
	at java.base/java.util.concurrent.ThreadPoolExecutor.runWorker(Unknown Source)
	at java.base/java.util.concurrent.ThreadPoolExecutor$Worker.run(Unknown Source)
	at java.base/java.lang.Thread.run(Unknown Source)
Caused by: org.jetbrains.kotlin.codegen.CompilationException: Back-end (JVM) Internal error: Couldn't inline method call: CALL 'public final fun remember <T> (key1: kotlin.Any?, key2: kotlin.Any?, calculation: @[DisallowComposableCalls] kotlin.Function0<T of androidx.compose.runtime.ComposablesKt.remember>): T of androidx.compose.runtime.ComposablesKt.remember [inline] declared in androidx.compose.runtime.ComposablesKt' type=com.example.core.navigation.NavigationState origin=null
Method: null
File is unknown
The root cause java.lang.IllegalStateException was thrown at: org.jetbrains.kotlin.codegen.inline.SourceCompilerForInlineKt.getMethodNode(SourceCompilerForInline.kt:129)
	at org.jetbrains.kotlin.backend.jvm.codegen.IrInlineCodegen.genInlineCall(IrInlineCodegen.kt:82)
	at org.jetbrains.kotlin.backend.jvm.codegen.IrInlineCallGenerator.genCall(IrInlineCallGenerator.kt:36)
	at org.jetbrains.kotlin.backend.jvm.codegen.ExpressionCodegen.visitCall(ExpressionCodegen.kt:586)
	at org.jetbrains.kotlin.backend.jvm.codegen.ExpressionCodegen.visitCall(ExpressionCodegen.kt:135)
	at org.jetbrains.kotlin.ir.expressions.IrCall.accept(IrCall.kt:24)
	at org.jetbrains.kotlin.backend.jvm.codegen.ExpressionCodegen.visitReturn(ExpressionCodegen.kt:999)
	at org.jetbrains.kotlin.backend.jvm.codegen.ExpressionCodegen.visitReturn(ExpressionCodegen.kt:135)
	at org.jetbrains.kotlin.ir.expressions.IrReturn.accept(IrReturn.kt:24)
	at org.jetbrains.kotlin.backend.jvm.codegen.ExpressionCodegen.visitStatementContainer(ExpressionCodegen.kt:527)
	at org.jetbrains.kotlin.backend.jvm.codegen.ExpressionCodegen.visitBlockBody(ExpressionCodegen.kt:532)
	at org.jetbrains.kotlin.backend.jvm.codegen.ExpressionCodegen.visitBlockBody(ExpressionCodegen.kt:135)
	at org.jetbrains.kotlin.ir.expressions.IrBlockBody.accept(IrBlockBody.kt:20)
	at org.jetbrains.kotlin.backend.jvm.codegen.ExpressionCodegen.generate(ExpressionCodegen.kt:233)
	at org.jetbrains.kotlin.backend.jvm.codegen.FunctionCodegen.doGenerate(FunctionCodegen.kt:126)
	at org.jetbrains.kotlin.backend.jvm.codegen.FunctionCodegen.generate(FunctionCodegen.kt:47)
	... 45 more
Caused by: java.lang.IllegalStateException: couldn't find inline method Landroidx/compose/runtime/ComposablesKt;.remember(Ljava/lang/Object;Ljava/lang/Object;Lkotlin/jvm/functions/Function0;)Ljava/lang/Object;
	at org.jetbrains.kotlin.codegen.inline.SourceCompilerForInlineKt.getMethodNode(SourceCompilerForInline.kt:129)
	at org.jetbrains.kotlin.codegen.inline.SourceCompilerForInlineKt.loadCompiledInlineFunction$lambda$2(SourceCompilerForInline.kt:98)
	at org.jetbrains.kotlin.codegen.inline.InlineCache.computeMethodBytes(InlineCache.kt:90)
	at org.jetbrains.kotlin.codegen.inline.SourceCompilerForInlineKt.loadCompiledInlineFunction(SourceCompilerForInline.kt:93)
	at org.jetbrains.kotlin.backend.jvm.codegen.IrSourceCompilerForInline.compileInlineFunction(IrSourceCompilerForInline.kt:96)
	at org.jetbrains.kotlin.backend.jvm.codegen.IrInlineCodegen.genInlineCall(IrInlineCodegen.kt:65)
	... 59 more


